Main info:
+--------+-----------------+-------------+----------------+---------------+------------------------+------------------+--------------+------------+----------------+------------------------------------------------------+------------------------------------+
| UserId | NormalizedInput | InputLength | ContainsDigits | ReversedInput | ProcessedAt            | Hash             | IsPalindrome | VowelCount | ConsonantCount | CharFrequency                                        | RawProcessingLog                   |
+--------+-----------------+-------------+----------------+---------------+------------------------+------------------+--------------+------------+----------------+------------------------------------------------------+------------------------------------+
| 1      | racecar         | 8           | False          | racecar       | 01/01/2024 12:00:00 am | cmFjZWNhcg==     | True         | 3          | 4              | r: 2, a: 2, c: 2, e: 1                               | Processing data for 1: lorem ipsum |
| 2      | test123         | 8           | True           | 321tset       | 01/01/2024 12:00:00 am | dGVzdDEyMw==     | False        | 1          | 3              | t: 2, e: 1, s: 1, 1: 1, 2: 1, 3: 1                   | Processing data for 2: lorem ipsum |
| 3      | hello world!    | 13          | False          | !dlrow olleh  | 01/01/2024 12:00:00 am | aGVsbG8gd29ybGQh | False        | 3          | 7              | h: 1, e: 1, l: 3, o: 2,  : 1, w: 1, r: 1, d: 1, !: 1 | Processing data for 3: lorem ipsum |
+--------+-----------------+-------------+----------------+---------------+------------------------+------------------+--------------+------------+----------------+------------------------------------------------------+------------------------------------+

External info:
+----------+-------+------------+
| Category | Score | Tags       |
+----------+-------+------------+
| mocked   | 0.9   | type: test |
| mocked   | 0.9   | type: test |
| mocked   | 0.9   | type: test |
+----------+-------+------------+

