+--------+-----------------+-------------+----------------+---------------+------------------------+------------------+--------------+------------------------------------+-----------------------------------------+--------------------------------------------+
| UserId | NormalizedInput | InputLength | ContainsDigits | ReversedInput | ProcessedAt            | Hash             | IsPalindrome | RawProcessingLog                   | Metadata                                | ExternalInfo                               |
+--------+-----------------+-------------+----------------+---------------+------------------------+------------------+--------------+------------------------------------+-----------------------------------------+--------------------------------------------+
| 1      | racecar         | 8           | False          | racecar       | 01/01/2024 12:00:00 pm | cmFjZWNhcg==     | True         | Processing data for 1: lorem ipsum | SpbDotNet.Approvals.Model.InputMetadata | SpbDotNet.Approvals.Model.ExternalAnalysis |
| 2      | test123         | 8           | True           | 321tset       | 01/01/2024 12:00:00 pm | dGVzdDEyMw==     | False        | Processing data for 2: lorem ipsum | SpbDotNet.Approvals.Model.InputMetadata | SpbDotNet.Approvals.Model.ExternalAnalysis |
| 3      | hello world!    | 13          | False          | !dlrow olleh  | 01/01/2024 12:00:00 pm | aGVsbG8gd29ybGQh | False        | Processing data for 3: lorem ipsum | SpbDotNet.Approvals.Model.InputMetadata | SpbDotNet.Approvals.Model.ExternalAnalysis |
+--------+-----------------+-------------+----------------+---------------+------------------------+------------------+--------------+------------------------------------+-----------------------------------------+--------------------------------------------+
